
> hakibati@0.1.0 build
> next build

  ▲ Next.js 14.2.4
  - Environments: .env

   Creating an optimized production build ...
> [PWA] Compile server
> [PWA] Compile server
> [PWA] Compile client (static)
> [PWA] Auto register service worker with: D:\KIMI\Project 02 Hakibati\node_modules\next-pwa\register.js
> [PWA] Service worker: D:\KIMI\Project 02 Hakibati\public\sw.js
> [PWA]   url: /sw.js
> [PWA]   scope: /
 ✓ Compiled successfully
   Linting and checking validity of types ...
Failed to compile.

./skills/ui-ux-pro-max/cli/playwright.config.ts:1:39
Type error: Cannot find module '@playwright/test' or its corresponding type declarations.

[0m[31m[1m>[22m[39m[90m 1 |[39m [36mimport[39m { defineConfig[33m,[39m devices } [36mfrom[39m [32m'@playwright/test'[39m[33m;[39m[0m
[0m [90m   |[39m                                       [31m[1m^[22m[39m[0m
[0m [90m 2 |[39m[0m
[0m [90m 3 |[39m [36mexport[39m [36mdefault[39m defineConfig({[0m
[0m [90m 4 |[39m   testDir[33m:[39m [32m'./tests/e2e'[39m[33m,[39m[0m
